Archive member included to satisfy reference by file (symbol)

/opt/st/stm32cubeide_1.5.0/plugins/com.st.stm32cube.ide.mcu.externaltools.gnu-tools-for-stm32.7-2018-q2-update.linux64_1.5.0.202011040924/tools/bin/../lib/gcc/arm-none-eabi/7.3.1/../../../../arm-none-eabi/lib/thumb/v6-m/libc_nano.a(lib_a-errno.o)
                              Core/Src/syscalls.o (__errno)
/opt/st/stm32cubeide_1.5.0/plugins/com.st.stm32cube.ide.mcu.externaltools.gnu-tools-for-stm32.7-2018-q2-update.linux64_1.5.0.202011040924/tools/bin/../lib/gcc/arm-none-eabi/7.3.1/../../../../arm-none-eabi/lib/thumb/v6-m/libc_nano.a(lib_a-exit.o)
                              /opt/st/stm32cubeide_1.5.0/plugins/com.st.stm32cube.ide.mcu.externaltools.gnu-tools-for-stm32.7-2018-q2-update.linux64_1.5.0.202011040924/tools/bin/../lib/gcc/arm-none-eabi/7.3.1/../../../../arm-none-eabi/lib/thumb/v6-m/crt0.o (exit)
/opt/st/stm32cubeide_1.5.0/plugins/com.st.stm32cube.ide.mcu.externaltools.gnu-tools-for-stm32.7-2018-q2-update.linux64_1.5.0.202011040924/tools/bin/../lib/gcc/arm-none-eabi/7.3.1/../../../../arm-none-eabi/lib/thumb/v6-m/libc_nano.a(lib_a-impure.o)
                              /opt/st/stm32cubeide_1.5.0/plugins/com.st.stm32cube.ide.mcu.externaltools.gnu-tools-for-stm32.7-2018-q2-update.linux64_1.5.0.202011040924/tools/bin/../lib/gcc/arm-none-eabi/7.3.1/../../../../arm-none-eabi/lib/thumb/v6-m/libc_nano.a(lib_a-exit.o) (_global_impure_ptr)
/opt/st/stm32cubeide_1.5.0/plugins/com.st.stm32cube.ide.mcu.externaltools.gnu-tools-for-stm32.7-2018-q2-update.linux64_1.5.0.202011040924/tools/bin/../lib/gcc/arm-none-eabi/7.3.1/../../../../arm-none-eabi/lib/thumb/v6-m/libc_nano.a(lib_a-init.o)
                              /opt/st/stm32cubeide_1.5.0/plugins/com.st.stm32cube.ide.mcu.externaltools.gnu-tools-for-stm32.7-2018-q2-update.linux64_1.5.0.202011040924/tools/bin/../lib/gcc/arm-none-eabi/7.3.1/../../../../arm-none-eabi/lib/thumb/v6-m/crt0.o (__libc_init_array)
/opt/st/stm32cubeide_1.5.0/plugins/com.st.stm32cube.ide.mcu.externaltools.gnu-tools-for-stm32.7-2018-q2-update.linux64_1.5.0.202011040924/tools/bin/../lib/gcc/arm-none-eabi/7.3.1/../../../../arm-none-eabi/lib/thumb/v6-m/libc_nano.a(lib_a-memset.o)
                              /opt/st/stm32cubeide_1.5.0/plugins/com.st.stm32cube.ide.mcu.externaltools.gnu-tools-for-stm32.7-2018-q2-update.linux64_1.5.0.202011040924/tools/bin/../lib/gcc/arm-none-eabi/7.3.1/../../../../arm-none-eabi/lib/thumb/v6-m/crt0.o (memset)
/opt/st/stm32cubeide_1.5.0/plugins/com.st.stm32cube.ide.mcu.externaltools.gnu-tools-for-stm32.7-2018-q2-update.linux64_1.5.0.202011040924/tools/bin/../lib/gcc/arm-none-eabi/7.3.1/thumb/v6-m/libgcc.a(_udivsi3.o)
                              Core/Src/system_stm32g0xx.o (__aeabi_uidiv)
/opt/st/stm32cubeide_1.5.0/plugins/com.st.stm32cube.ide.mcu.externaltools.gnu-tools-for-stm32.7-2018-q2-update.linux64_1.5.0.202011040924/tools/bin/../lib/gcc/arm-none-eabi/7.3.1/thumb/v6-m/libgcc.a(_dvmd_tls.o)
                              /opt/st/stm32cubeide_1.5.0/plugins/com.st.stm32cube.ide.mcu.externaltools.gnu-tools-for-stm32.7-2018-q2-update.linux64_1.5.0.202011040924/tools/bin/../lib/gcc/arm-none-eabi/7.3.1/thumb/v6-m/libgcc.a(_udivsi3.o) (__aeabi_idiv0)

Allocating common symbols
Common symbol       size              file

sTime               0x14              Core/Src/main.o
dontSleepFlag       0x1               Core/Src/main.o
uwTick              0x4               Drivers/STM32G0xx_HAL_Driver/Src/stm32g0xx_hal.o
mode                0x1               Core/Src/main.o
sDate               0x4               Core/Src/main.o
hrtc                0x2c              Core/Src/main.o
seconds             0x1               Core/Src/main.o
minutes             0x2               Core/Src/main.o
hours               0x1               Core/Src/main.o

Discarded input sections

 .text          0x0000000000000000        0x0 /opt/st/stm32cubeide_1.5.0/plugins/com.st.stm32cube.ide.mcu.externaltools.gnu-tools-for-stm32.7-2018-q2-update.linux64_1.5.0.202011040924/tools/bin/../lib/gcc/arm-none-eabi/7.3.1/thumb/v6-m/crti.o
 .data          0x0000000000000000        0x0 /opt/st/stm32cubeide_1.5.0/plugins/com.st.stm32cube.ide.mcu.externaltools.gnu-tools-for-stm32.7-2018-q2-update.linux64_1.5.0.202011040924/tools/bin/../lib/gcc/arm-none-eabi/7.3.1/thumb/v6-m/crti.o
 .bss           0x0000000000000000        0x0 /opt/st/stm32cubeide_1.5.0/plugins/com.st.stm32cube.ide.mcu.externaltools.gnu-tools-for-stm32.7-2018-q2-update.linux64_1.5.0.202011040924/tools/bin/../lib/gcc/arm-none-eabi/7.3.1/thumb/v6-m/crti.o
 .data          0x0000000000000000        0x4 /opt/st/stm32cubeide_1.5.0/plugins/com.st.stm32cube.ide.mcu.externaltools.gnu-tools-for-stm32.7-2018-q2-update.linux64_1.5.0.202011040924/tools/bin/../lib/gcc/arm-none-eabi/7.3.1/thumb/v6-m/crtbegin.o
[...]
Memory Configuration

Name             Origin             Length             Attributes
RAM              0x0000000020000000 0x0000000000009000 xrw
FLASH            0x0000000008000000 0x0000000000020000 xr
*default*        0x0000000000000000 0xffffffffffffffff

Linker script and memory map

LOAD /opt/st/stm32cubeide_1.5.0/plugins/com.st.stm32cube.ide.mcu.externaltools.gnu-tools-for-stm32.7-2018-q2-update.linux64_1.5.0.202011040924/tools/bin/../lib/gcc/arm-none-eabi/7.3.1/thumb/v6-m/crti.o
LOAD /opt/st/stm32cubeide_1.5.0/plugins/com.st.stm32cube.ide.mcu.externaltools.gnu-tools-for-stm32.7-2018-q2-update.linux64_1.5.0.202011040924/tools/bin/../lib/gcc/arm-none-eabi/7.3.1/thumb/v6-m/crtbegin.o
LOAD /opt/st/stm32cubeide_1.5.0/plugins/com.st.stm32cube.ide.mcu.externaltools.gnu-tools-for-stm32.7-2018-q2-update.linux64_1.5.0.202011040924/tools/bin/../lib/gcc/arm-none-eabi/7.3.1/../../../../arm-none-eabi/lib/thumb/v6-m/crt0.o
LOAD Core/Src/main.o
LOAD Core/Src/stm32g0xx_hal_msp.o
LOAD Core/Src/stm32g0xx_it.o
LOAD Core/Src/syscalls.o
LOAD Core/Src/sysmem.o
LOAD Core/Src/system_stm32g0xx.o
LOAD Core/Startup/startup_stm32g070rbtx.o
LOAD Core/display/display.o
LOAD Core/interrupts/interrupts.o
LOAD Core/rtc/rtc.o
LOAD Drivers/STM32G0xx_HAL_Driver/Src/stm32g0xx_hal.o
LOAD Drivers/STM32G0xx_HAL_Driver/Src/stm32g0xx_hal_cortex.o
LOAD Drivers/STM32G0xx_HAL_Driver/Src/stm32g0xx_hal_dma.o
LOAD Drivers/STM32G0xx_HAL_Driver/Src/stm32g0xx_hal_dma_ex.o
LOAD Drivers/STM32G0xx_HAL_Driver/Src/stm32g0xx_hal_exti.o
LOAD Drivers/STM32G0xx_HAL_Driver/Src/stm32g0xx_hal_flash.o
LOAD Drivers/STM32G0xx_HAL_Driver/Src/stm32g0xx_hal_flash_ex.o
LOAD Drivers/STM32G0xx_HAL_Driver/Src/stm32g0xx_hal_gpio.o
LOAD Drivers/STM32G0xx_HAL_Driver/Src/stm32g0xx_hal_pwr.o
LOAD Drivers/STM32G0xx_HAL_Driver/Src/stm32g0xx_hal_pwr_ex.o
LOAD Drivers/STM32G0xx_HAL_Driver/Src/stm32g0xx_hal_rcc.o
LOAD Drivers/STM32G0xx_HAL_Driver/Src/stm32g0xx_hal_rcc_ex.o
LOAD Drivers/STM32G0xx_HAL_Driver/Src/stm32g0xx_hal_rtc.o
LOAD Drivers/STM32G0xx_HAL_Driver/Src/stm32g0xx_hal_rtc_ex.o
LOAD Drivers/STM32G0xx_HAL_Driver/Src/stm32g0xx_hal_tim.o
LOAD Drivers/STM32G0xx_HAL_Driver/Src/stm32g0xx_hal_tim_ex.o
LOAD Drivers/STM32G0xx_HAL_Driver/Src/stm32g0xx_ll_dma.o
LOAD Drivers/STM32G0xx_HAL_Driver/Src/stm32g0xx_ll_rcc.o
START GROUP
LOAD /opt/st/stm32cubeide_1.5.0/plugins/com.st.stm32cube.ide.mcu.externaltools.gnu-tools-for-stm32.7-2018-q2-update.linux64_1.5.0.202011040924/tools/bin/../lib/gcc/arm-none-eabi/7.3.1/../../../../arm-none-eabi/lib/thumb/v6-m/libc_nano.a
LOAD /opt/st/stm32cubeide_1.5.0/plugins/com.st.stm32cube.ide.mcu.externaltools.gnu-tools-for-stm32.7-2018-q2-update.linux64_1.5.0.202011040924/tools/bin/../lib/gcc/arm-none-eabi/7.3.1/../../../../arm-none-eabi/lib/thumb/v6-m/libm.a
END GROUP
START GROUP
LOAD /opt/st/stm32cubeide_1.5.0/plugins/com.st.stm32cube.ide.mcu.externaltools.gnu-tools-for-stm32.7-2018-q2-update.linux64_1.5.0.202011040924/tools/bin/../lib/gcc/arm-none-eabi/7.3.1/thumb/v6-m/libgcc.a
LOAD /opt/st/stm32cubeide_1.5.0/plugins/com.st.stm32cube.ide.mcu.externaltools.gnu-tools-for-stm32.7-2018-q2-update.linux64_1.5.0.202011040924/tools/bin/../lib/gcc/arm-none-eabi/7.3.1/../../../../arm-none-eabi/lib/thumb/v6-m/libc_nano.a
END GROUP
START GROUP
LOAD /opt/st/stm32cubeide_1.5.0/plugins/com.st.stm32cube.ide.mcu.externaltools.gnu-tools-for-stm32.7-2018-q2-update.linux64_1.5.0.202011040924/tools/bin/../lib/gcc/arm-none-eabi/7.3.1/thumb/v6-m/libgcc.a
LOAD /opt/st/stm32cubeide_1.5.0/plugins/com.st.stm32cube.ide.mcu.externaltools.gnu-tools-for-stm32.7-2018-q2-update.linux64_1.5.0.202011040924/tools/bin/../lib/gcc/arm-none-eabi/7.3.1/../../../../arm-none-eabi/lib/thumb/v6-m/libc_nano.a
LOAD /opt/st/stm32cubeide_1.5.0/plugins/com.st.stm32cube.ide.mcu.externaltools.gnu-tools-for-stm32.7-2018-q2-update.linux64_1.5.0.202011040924/tools/bin/../lib/gcc/arm-none-eabi/7.3.1/../../../../arm-none-eabi/lib/thumb/v6-m/libnosys.a
END GROUP
START GROUP
LOAD /opt/st/stm32cubeide_1.5.0/plugins/com.st.stm32cube.ide.mcu.externaltools.gnu-tools-for-stm32.7-2018-q2-update.linux64_1.5.0.202011040924/tools/bin/../lib/gcc/arm-none-eabi/7.3.1/thumb/v6-m/libgcc.a
LOAD /opt/st/stm32cubeide_1.5.0/plugins/com.st.stm32cube.ide.mcu.externaltools.gnu-tools-for-stm32.7-2018-q2-update.linux64_1.5.0.202011040924/tools/bin/../lib/gcc/arm-none-eabi/7.3.1/../../../../arm-none-eabi/lib/thumb/v6-m/libc_nano.a
LOAD /opt/st/stm32cubeide_1.5.0/plugins/com.st.stm32cube.ide.mcu.externaltools.gnu-tools-for-stm32.7-2018-q2-update.linux64_1.5.0.202011040924/tools/bin/../lib/gcc/arm-none-eabi/7.3.1/../../../../arm-none-eabi/lib/thumb/v6-m/libnosys.a
END GROUP
LOAD /opt/st/stm32cubeide_1.5.0/plugins/com.st.stm32cube.ide.mcu.externaltools.gnu-tools-for-stm32.7-2018-q2-update.linux64_1.5.0.202011040924/tools/bin/../lib/gcc/arm-none-eabi/7.3.1/thumb/v6-m/crtend.o
LOAD /opt/st/stm32cubeide_1.5.0/plugins/com.st.stm32cube.ide.mcu.externaltools.gnu-tools-for-stm32.7-2018-q2-update.linux64_1.5.0.202011040924/tools/bin/../lib/gcc/arm-none-eabi/7.3.1/thumb/v6-m/crtn.o
                0x0000000020009000                _estack = (ORIGIN (RAM) + LENGTH (RAM))
                0x0000000000000200                _Min_Heap_Size = 0x200
                0x0000000000000400                _Min_Stack_Size = 0x400

.isr_vector     0x0000000008000000       0xb8
                0x0000000008000000                . = ALIGN (0x4)
 *(.isr_vector)
 .isr_vector    0x0000000008000000       0xb8 Core/Startup/startup_stm32g070rbtx.o
                0x0000000008000000                g_pfnVectors
                0x00000000080000b8                . = ALIGN (0x4)

.text           0x00000000080000b8     0x2df8
                0x00000000080000b8                . = ALIGN (0x4)
 *(.text)
 .text          0x00000000080000b8       0x48 /opt/st/stm32cubeide_1.5.0/plugins/com.st.stm32cube.ide.mcu.externaltools.gnu-tools-for-stm32.7-2018-q2-update.linux64_1.5.0.202011040924/tools/bin/../lib/gcc/arm-none-eabi/7.3.1/thumb/v6-m/crtbegin.o
 .text          0x0000000008000100      0x114 /opt/st/stm32cubeide_1.5.0/plugins/com.st.stm32cube.ide.mcu.externaltools.gnu-tools-for-stm32.7-2018-q2-update.linux64_1.5.0.202011040924/tools/bin/../lib/gcc/arm-none-eabi/7.3.1/thumb/v6-m/libgcc.a(_udivsi3.o)
                0x0000000008000100                __udivsi3
                0x0000000008000100                __aeabi_uidiv
                0x000000000800020c                __aeabi_uidivmod
 .text          0x0000000008000214        0x4 /opt/st/stm32cubeide_1.5.0/plugins/com.st.stm32cube.ide.mcu.externaltools.gnu-tools-for-stm32.7-2018-q2-update.linux64_1.5.0.202011040924/tools/bin/../lib/gcc/arm-none-eabi/7.3.1/thumb/v6-m/libgcc.a(_dvmd_tls.o)
                0x0000000008000214                __aeabi_ldiv0
                0x0000000008000214                __aeabi_idiv0
 *(.text*)
 .text.main     0x0000000008000218      0x200 Core/Src/main.o
                0x0000000008000218                main
 .text.SystemClock_Config
                0x0000000008000418       0xdc Core/Src/main.o
                0x0000000008000418                SystemClock_Config
 .text.MX_RTC_Init
                0x00000000080004f4       0xf4 Core/Src/main.o
 .text.MX_GPIO_Init
                0x00000000080005e8      0x1d4 Core/Src/main.o
 .text.Error_Handler
                0x00000000080007bc        0x8 Core/Src/main.o
                0x00000000080007bc                Error_Handler
 .text.HAL_MspInit
                0x00000000080007c4       0x50 Core/Src/stm32g0xx_hal_msp.o
                0x00000000080007c4                HAL_MspInit
 .text.HAL_RTC_MspInit
                0x0000000008000814       0x5c Core/Src/stm32g0xx_hal_msp.o
                0x0000000008000814                HAL_RTC_MspInit
 .text.NMI_Handler
                0x0000000008000870        0x6 Core/Src/stm32g0xx_it.o
                0x0000000008000870                NMI_Handler
 .text.HardFault_Handler
                0x0000000008000876        0x6 Core/Src/stm32g0xx_it.o
                0x0000000008000876                HardFault_Handler
 .text.SVC_Handler
                0x000000000800087c        0xa Core/Src/stm32g0xx_it.o
                0x000000000800087c                SVC_Handler
 .text.PendSV_Handler
                0x0000000008000886        0xa Core/Src/stm32g0xx_it.o
                0x0000000008000886                PendSV_Handler
 .text.SysTick_Handler
                0x0000000008000890        0xe Core/Src/stm32g0xx_it.o
                0x0000000008000890                SysTick_Handler
 *fill*         0x000000000800089e        0x2 
 .text.RTC_TAMP_IRQHandler
                0x00000000080008a0       0x18 Core/Src/stm32g0xx_it.o
                0x00000000080008a0                RTC_TAMP_IRQHandler
 .text.EXTI0_1_IRQHandler
                0x00000000080008b8       0x10 Core/Src/stm32g0xx_it.o
                0x00000000080008b8                EXTI0_1_IRQHandler
 .text.EXTI4_15_IRQHandler
                0x00000000080008c8       0x14 Core/Src/stm32g0xx_it.o
                0x00000000080008c8                EXTI4_15_IRQHandler
 .text.SystemInit
                0x00000000080008dc       0x18 Core/Src/system_stm32g0xx.o
                0x00000000080008dc                SystemInit
 .text.Reset_Handler
                0x00000000080008f4       0x50 Core/Startup/startup_stm32g070rbtx.o
                0x00000000080008f4                Reset_Handler
 .text.Default_Handler
                0x0000000008000944        0x2 Core/Startup/startup_stm32g070rbtx.o
                0x0000000008000944                TIM1_CC_IRQHandler
                0x0000000008000944                TIM6_IRQHandler
                0x0000000008000944                I2C1_IRQHandler
                0x0000000008000944                SPI1_IRQHandler
                0x0000000008000944                USART3_4_IRQHandler
                0x0000000008000944                EXTI2_3_IRQHandler
                0x0000000008000944                ADC1_IRQHandler
                0x0000000008000944                I2C2_IRQHandler
                0x0000000008000944                TIM17_IRQHandler
                0x0000000008000944                TIM16_IRQHandler
                0x0000000008000944                TIM3_IRQHandler
                0x0000000008000944                RCC_IRQHandler
                0x0000000008000944                DMA1_Channel1_IRQHandler
                0x0000000008000944                Default_Handler
                0x0000000008000944                TIM14_IRQHandler
                0x0000000008000944                TIM7_IRQHandler
                0x0000000008000944                TIM15_IRQHandler
                0x0000000008000944                SPI2_IRQHandler
                0x0000000008000944                WWDG_IRQHandler
                0x0000000008000944                DMA1_Ch4_7_DMAMUX1_OVR_IRQHandler
                0x0000000008000944                DMA1_Channel2_3_IRQHandler
                0x0000000008000944                USART2_IRQHandler
                0x0000000008000944                FLASH_IRQHandler
                0x0000000008000944                USART1_IRQHandler
                0x0000000008000944                TIM1_BRK_UP_TRG_COM_IRQHandler
 *fill*         0x0000000008000946        0x2 
 .text.displayShowTimeForce
                0x0000000008000948      0x124 Core/display/display.o
                0x0000000008000948                displayShowTimeForce
 .text.displayTurnOff
                0x0000000008000a6c       0x5a Core/display/display.o
                0x0000000008000a6c                displayTurnOff
 *fill*         0x0000000008000ac6        0x2 
 .text.displayShowTime
                0x0000000008000ac8      0x160 Core/display/display.o
                0x0000000008000ac8                displayShowTime
 .text.displaySplashMinutes
                0x0000000008000c28       0x80 Core/display/display.o
                0x0000000008000c28                displaySplashMinutes
 .text.displayTurnHoursLED
                0x0000000008000ca8      0x114 Core/display/display.o
                0x0000000008000ca8                displayTurnHoursLED
 .text.displayTurnMinutesLED
                0x0000000008000dbc      0x248 Core/display/display.o
                0x0000000008000dbc                displayTurnMinutesLED
 .text.extiCallback
                0x0000000008001004      0x158 Core/interrupts/interrupts.o
                0x0000000008001004                extiCallback
 .text.HAL_GPIO_EXTI_Rising_Callback
                0x000000000800115c       0x1e Core/interrupts/interrupts.o
                0x000000000800115c                HAL_GPIO_EXTI_Rising_Callback
 .text.HAL_GPIO_EXTI_Falling_Callback
                0x000000000800117a       0x1e Core/interrupts/interrupts.o
                0x000000000800117a                HAL_GPIO_EXTI_Falling_Callback
 .text.rtcGetTime
                0x0000000008001198       0x68 Core/rtc/rtc.o
                0x0000000008001198                rtcGetTime
 .text.rtcSetTime
                0x0000000008001200       0x60 Core/rtc/rtc.o
                0x0000000008001200                rtcSetTime
 .text.HAL_Init
                0x0000000008001260       0x40 Drivers/STM32G0xx_HAL_Driver/Src/stm32g0xx_hal.o
                0x0000000008001260                HAL_Init
 .text.HAL_InitTick
                0x00000000080012a0       0x94 Drivers/STM32G0xx_HAL_Driver/Src/stm32g0xx_hal.o
                0x00000000080012a0                HAL_InitTick
 .text.HAL_IncTick
                0x0000000008001334       0x24 Drivers/STM32G0xx_HAL_Driver/Src/stm32g0xx_hal.o
                0x0000000008001334                HAL_IncTick
 .text.HAL_GetTick
                0x0000000008001358       0x14 Drivers/STM32G0xx_HAL_Driver/Src/stm32g0xx_hal.o
                0x0000000008001358                HAL_GetTick
 .text.HAL_Delay
                0x000000000800136c       0x44 Drivers/STM32G0xx_HAL_Driver/Src/stm32g0xx_hal.o
                0x000000000800136c                HAL_Delay
 .text.HAL_SYSCFG_StrobeDBattpinsConfig
                0x00000000080013b0       0x2c Drivers/STM32G0xx_HAL_Driver/Src/stm32g0xx_hal.o
                0x00000000080013b0                HAL_SYSCFG_StrobeDBattpinsConfig
 .text.__NVIC_EnableIRQ
                0x00000000080013dc       0x34 Drivers/STM32G0xx_HAL_Driver/Src/stm32g0xx_hal_cortex.o
 .text.__NVIC_SetPriority
                0x0000000008001410       0xdc Drivers/STM32G0xx_HAL_Driver/Src/stm32g0xx_hal_cortex.o
 .text.SysTick_Config
                0x00000000080014ec       0x48 Drivers/STM32G0xx_HAL_Driver/Src/stm32g0xx_hal_cortex.o
 .text.HAL_NVIC_SetPriority
                0x0000000008001534       0x2a Drivers/STM32G0xx_HAL_Driver/Src/stm32g0xx_hal_cortex.o
                0x0000000008001534                HAL_NVIC_SetPriority
 .text.HAL_NVIC_EnableIRQ
                0x000000000800155e       0x20 Drivers/STM32G0xx_HAL_Driver/Src/stm32g0xx_hal_cortex.o
                0x000000000800155e                HAL_NVIC_EnableIRQ
 .text.HAL_SYSTICK_Config
                0x000000000800157e       0x1a Drivers/STM32G0xx_HAL_Driver/Src/stm32g0xx_hal_cortex.o
                0x000000000800157e                HAL_SYSTICK_Config
 .text.HAL_GPIO_Init
                0x0000000008001598      0x2c8 Drivers/STM32G0xx_HAL_Driver/Src/stm32g0xx_hal_gpio.o
                0x0000000008001598                HAL_GPIO_Init
 .text.HAL_GPIO_ReadPin
                0x0000000008001860       0x3a Drivers/STM32G0xx_HAL_Driver/Src/stm32g0xx_hal_gpio.o
                0x0000000008001860                HAL_GPIO_ReadPin
 .text.HAL_GPIO_WritePin
                0x000000000800189a       0x3a Drivers/STM32G0xx_HAL_Driver/Src/stm32g0xx_hal_gpio.o
                0x000000000800189a                HAL_GPIO_WritePin
 .text.HAL_GPIO_EXTI_IRQHandler
                0x00000000080018d4       0x54 Drivers/STM32G0xx_HAL_Driver/Src/stm32g0xx_hal_gpio.o
                0x00000000080018d4                HAL_GPIO_EXTI_IRQHandler
 .text.HAL_PWR_EnableBkUpAccess
                0x0000000008001928       0x1c Drivers/STM32G0xx_HAL_Driver/Src/stm32g0xx_hal_pwr.o
                0x0000000008001928                HAL_PWR_EnableBkUpAccess
 .text.HAL_PWR_EnterSTOPMode
                0x0000000008001944       0x70 Drivers/STM32G0xx_HAL_Driver/Src/stm32g0xx_hal_pwr.o
                0x0000000008001944                HAL_PWR_EnterSTOPMode
 .text.HAL_PWREx_ControlVoltageScaling
                0x00000000080019b4       0x80 Drivers/STM32G0xx_HAL_Driver/Src/stm32g0xx_hal_pwr_ex.o
                0x00000000080019b4                HAL_PWREx_ControlVoltageScaling
 .text.HAL_RCC_OscConfig
                0x0000000008001a34      0x62c Drivers/STM32G0xx_HAL_Driver/Src/stm32g0xx_hal_rcc.o
                0x0000000008001a34                HAL_RCC_OscConfig
 .text.HAL_RCC_ClockConfig
                0x0000000008002060      0x210 Drivers/STM32G0xx_HAL_Driver/Src/stm32g0xx_hal_rcc.o
                0x0000000008002060                HAL_RCC_ClockConfig
 .text.HAL_RCC_GetSysClockFreq
                0x0000000008002270      0x104 Drivers/STM32G0xx_HAL_Driver/Src/stm32g0xx_hal_rcc.o
                0x0000000008002270                HAL_RCC_GetSysClockFreq
 .text.HAL_RCCEx_PeriphCLKConfig
                0x0000000008002374      0x26c Drivers/STM32G0xx_HAL_Driver/Src/stm32g0xx_hal_rcc_ex.o
                0x0000000008002374                HAL_RCCEx_PeriphCLKConfig
 .text.HAL_RTC_Init
                0x00000000080025e0      0x12c Drivers/STM32G0xx_HAL_Driver/Src/stm32g0xx_hal_rtc.o
                0x00000000080025e0                HAL_RTC_Init
 .text.HAL_RTC_SetTime
                0x000000000800270c      0x150 Drivers/STM32G0xx_HAL_Driver/Src/stm32g0xx_hal_rtc.o
                0x000000000800270c                HAL_RTC_SetTime
 .text.HAL_RTC_GetTime
                0x000000000800285c       0xb8 Drivers/STM32G0xx_HAL_Driver/Src/stm32g0xx_hal_rtc.o
                0x000000000800285c                HAL_RTC_GetTime
 .text.HAL_RTC_SetDate
                0x0000000008002914      0x124 Drivers/STM32G0xx_HAL_Driver/Src/stm32g0xx_hal_rtc.o
                0x0000000008002914                HAL_RTC_SetDate
 .text.HAL_RTC_GetDate
                0x0000000008002a38       0x9c Drivers/STM32G0xx_HAL_Driver/Src/stm32g0xx_hal_rtc.o
                0x0000000008002a38                HAL_RTC_GetDate
 .text.HAL_RTC_WaitForSynchro
                0x0000000008002ad4       0x4e Drivers/STM32G0xx_HAL_Driver/Src/stm32g0xx_hal_rtc.o
                0x0000000008002ad4                HAL_RTC_WaitForSynchro
 .text.RTC_EnterInitMode
                0x0000000008002b22       0x86 Drivers/STM32G0xx_HAL_Driver/Src/stm32g0xx_hal_rtc.o
                0x0000000008002b22                RTC_EnterInitMode
 .text.RTC_ExitInitMode
                0x0000000008002ba8       0x8c Drivers/STM32G0xx_HAL_Driver/Src/stm32g0xx_hal_rtc.o
                0x0000000008002ba8                RTC_ExitInitMode
 .text.RTC_ByteToBcd2
                0x0000000008002c34       0x52 Drivers/STM32G0xx_HAL_Driver/Src/stm32g0xx_hal_rtc.o
                0x0000000008002c34                RTC_ByteToBcd2
 .text.RTC_Bcd2ToByte
                0x0000000008002c86       0x3a Drivers/STM32G0xx_HAL_Driver/Src/stm32g0xx_hal_rtc.o
                0x0000000008002c86                RTC_Bcd2ToByte
 .text.HAL_RTCEx_SetWakeUpTimer_IT
                0x0000000008002cc0      0x134 Drivers/STM32G0xx_HAL_Driver/Src/stm32g0xx_hal_rtc_ex.o
                0x0000000008002cc0                HAL_RTCEx_SetWakeUpTimer_IT
 .text.HAL_RTCEx_WakeUpTimerIRQHandler
                0x0000000008002df4       0x3c Drivers/STM32G0xx_HAL_Driver/Src/stm32g0xx_hal_rtc_ex.o
                0x0000000008002df4                HAL_RTCEx_WakeUpTimerIRQHandler
 .text.HAL_RTCEx_WakeUpTimerEventCallback
                0x0000000008002e30       0x10 Drivers/STM32G0xx_HAL_Driver/Src/stm32g0xx_hal_rtc_ex.o
                0x0000000008002e30                HAL_RTCEx_WakeUpTimerEventCallback
 .text.__libc_init_array
                0x0000000008002e40       0x48 /opt/st/stm32cubeide_1.5.0/plugins/com.st.stm32cube.ide.mcu.externaltools.gnu-tools-for-stm32.7-2018-q2-update.linux64_1.5.0.202011040924/tools/bin/../lib/gcc/arm-none-eabi/7.3.1/../../../../arm-none-eabi/lib/thumb/v6-m/libc_nano.a(lib_a-init.o)
                0x0000000008002e40                __libc_init_array
 .text.memset   0x0000000008002e88       0x10 /opt/st/stm32cubeide_1.5.0/plugins/com.st.stm32cube.ide.mcu.externaltools.gnu-tools-for-stm32.7-2018-q2-update.linux64_1.5.0.202011040924/tools/bin/../lib/gcc/arm-none-eabi/7.3.1/../../../../arm-none-eabi/lib/thumb/v6-m/libc_nano.a(lib_a-memset.o)
                0x0000000008002e88                memset
 *(.glue_7)
 .glue_7        0x0000000008002e98        0x0 linker stubs
 *(.glue_7t)
 .glue_7t       0x0000000008002e98        0x0 linker stubs
 *(.eh_frame)
 .eh_frame      0x0000000008002e98        0x0 /opt/st/stm32cubeide_1.5.0/plugins/com.st.stm32cube.ide.mcu.externaltools.gnu-tools-for-stm32.7-2018-q2-update.linux64_1.5.0.202011040924/tools/bin/../lib/gcc/arm-none-eabi/7.3.1/thumb/v6-m/crtbegin.o
 *(.init)
 .init          0x0000000008002e98        0x4 /opt/st/stm32cubeide_1.5.0/plugins/com.st.stm32cube.ide.mcu.externaltools.gnu-tools-for-stm32.7-2018-q2-update.linux64_1.5.0.202011040924/tools/bin/../lib/gcc/arm-none-eabi/7.3.1/thumb/v6-m/crti.o
                0x0000000008002e98                _init
 .init          0x0000000008002e9c        0x8 /opt/st/stm32cubeide_1.5.0/plugins/com.st.stm32cube.ide.mcu.externaltools.gnu-tools-for-stm32.7-2018-q2-update.linux64_1.5.0.202011040924/tools/bin/../lib/gcc/arm-none-eabi/7.3.1/thumb/v6-m/crtn.o
 *(.fini)
 .fini          0x0000000008002ea4        0x4 /opt/st/stm32cubeide_1.5.0/plugins/com.st.stm32cube.ide.mcu.externaltools.gnu-tools-for-stm32.7-2018-q2-update.linux64_1.5.0.202011040924/tools/bin/../lib/gcc/arm-none-eabi/7.3.1/thumb/v6-m/crti.o
                0x0000000008002ea4                _fini
 .fini          0x0000000008002ea8        0x8 /opt/st/stm32cubeide_1.5.0/plugins/com.st.stm32cube.ide.mcu.externaltools.gnu-tools-for-stm32.7-2018-q2-update.linux64_1.5.0.202011040924/tools/bin/../lib/gcc/arm-none-eabi/7.3.1/thumb/v6-m/crtn.o
                0x0000000008002eb0                . = ALIGN (0x4)
                0x0000000008002eb0                _etext = .

.vfp11_veneer   0x0000000008002eb0        0x0
 .vfp11_veneer  0x0000000008002eb0        0x0 linker stubs

.v4_bx          0x0000000008002eb0        0x0
 .v4_bx         0x0000000008002eb0        0x0 linker stubs

.iplt           0x0000000008002eb0        0x0
 .iplt          0x0000000008002eb0        0x0 /opt/st/stm32cubeide_1.5.0/plugins/com.st.stm32cube.ide.mcu.externaltools.gnu-tools-for-stm32.7-2018-q2-update.linux64_1.5.0.202011040924/tools/bin/../lib/gcc/arm-none-eabi/7.3.1/thumb/v6-m/crtbegin.o

.rodata         0x0000000008002eb0       0xe8
                0x0000000008002eb0                . = ALIGN (0x4)
 *(.rodata)
 *(.rodata*)
 .rodata.AHBPrescTable
                0x0000000008002eb0       0x40 Core/Src/system_stm32g0xx.o
                0x0000000008002eb0                AHBPrescTable
 .rodata.displayTurnHoursLED
                0x0000000008002ef0       0x30 Core/display/display.o
 .rodata.displayTurnMinutesLED
                0x0000000008002f20       0x78 Core/display/display.o
                0x0000000008002f98                . = ALIGN (0x4)

.rel.dyn        0x0000000008002f98        0x0
 .rel.iplt      0x0000000008002f98        0x0 /opt/st/stm32cubeide_1.5.0/plugins/com.st.stm32cube.ide.mcu.externaltools.gnu-tools-for-stm32.7-2018-q2-update.linux64_1.5.0.202011040924/tools/bin/../lib/gcc/arm-none-eabi/7.3.1/thumb/v6-m/crtbegin.o

.ARM.extab      0x0000000008002f98        0x0
                0x0000000008002f98                . = ALIGN (0x4)
 *(.ARM.extab* .gnu.linkonce.armextab.*)
                0x0000000008002f98                . = ALIGN (0x4)

.ARM            0x0000000008002f98        0x0
                0x0000000008002f98                . = ALIGN (0x4)
                0x0000000008002f98                __exidx_start = .
 *(.ARM.exidx*)
                0x0000000008002f98                __exidx_end = .
                0x0000000008002f98                . = ALIGN (0x4)

.preinit_array  0x0000000008002f98        0x0
                0x0000000008002f98                . = ALIGN (0x4)
                0x0000000008002f98                PROVIDE (__preinit_array_start = .)
 *(.preinit_array*)
                0x0000000008002f98                PROVIDE (__preinit_array_end = .)
                0x0000000008002f98                . = ALIGN (0x4)

.init_array     0x0000000008002f98        0x4
                0x0000000008002f98                . = ALIGN (0x4)
                0x0000000008002f98                PROVIDE (__init_array_start = .)
 *(SORT_BY_NAME(.init_array.*))
 *(.init_array*)
 .init_array    0x0000000008002f98        0x4 /opt/st/stm32cubeide_1.5.0/plugins/com.st.stm32cube.ide.mcu.externaltools.gnu-tools-for-stm32.7-2018-q2-update.linux64_1.5.0.202011040924/tools/bin/../lib/gcc/arm-none-eabi/7.3.1/thumb/v6-m/crtbegin.o
                0x0000000008002f9c                PROVIDE (__init_array_end = .)
                0x0000000008002f9c                . = ALIGN (0x4)

.fini_array     0x0000000008002f9c        0x4
                0x0000000008002f9c                . = ALIGN (0x4)
                [!provide]                        PROVIDE (__fini_array_start = .)
 *(SORT_BY_NAME(.fini_array.*))
 *(.fini_array*)
 .fini_array    0x0000000008002f9c        0x4 /opt/st/stm32cubeide_1.5.0/plugins/com.st.stm32cube.ide.mcu.externaltools.gnu-tools-for-stm32.7-2018-q2-update.linux64_1.5.0.202011040924/tools/bin/../lib/gcc/arm-none-eabi/7.3.1/thumb/v6-m/crtbegin.o
                [!provide]                        PROVIDE (__fini_array_end = .)
                0x0000000008002fa0                . = ALIGN (0x4)
                0x0000000008002fa0                _sidata = LOADADDR (.data)

.data           0x0000000020000000        0xc load address 0x0000000008002fa0
                0x0000000020000000                . = ALIGN (0x4)
                0x0000000020000000                _sdata = .
 *(.data)
 *(.data*)
 .data.SystemCoreClock
                0x0000000020000000        0x4 Core/Src/system_stm32g0xx.o
                0x0000000020000000                SystemCoreClock
 .data.uwTickPrio
                0x0000000020000004        0x4 Drivers/STM32G0xx_HAL_Driver/Src/stm32g0xx_hal.o
                0x0000000020000004                uwTickPrio
 .data.uwTickFreq
                0x0000000020000008        0x1 Drivers/STM32G0xx_HAL_Driver/Src/stm32g0xx_hal.o
                0x0000000020000008                uwTickFreq
 *(.RamFunc)
 *(.RamFunc*)
                0x000000002000000c                . = ALIGN (0x4)
 *fill*         0x0000000020000009        0x3 
                0x000000002000000c                _edata = .

.igot.plt       0x000000002000000c        0x0 load address 0x0000000008002fac
 .igot.plt      0x000000002000000c        0x0 /opt/st/stm32cubeide_1.5.0/plugins/com.st.stm32cube.ide.mcu.externaltools.gnu-tools-for-stm32.7-2018-q2-update.linux64_1.5.0.202011040924/tools/bin/../lib/gcc/arm-none-eabi/7.3.1/thumb/v6-m/crtbegin.o
                0x000000002000000c                . = ALIGN (0x4)

.bss            0x000000002000000c       0x70 load address 0x0000000008002fac
                0x000000002000000c                _sbss = .
                0x000000002000000c                __bss_start__ = _sbss
 *(.bss)
 .bss           0x000000002000000c       0x1c /opt/st/stm32cubeide_1.5.0/plugins/com.st.stm32cube.ide.mcu.externaltools.gnu-tools-for-stm32.7-2018-q2-update.linux64_1.5.0.202011040924/tools/bin/../lib/gcc/arm-none-eabi/7.3.1/thumb/v6-m/crtbegin.o
 *(.bss*)
 *(COMMON)
 COMMON         0x0000000020000028       0x4d Core/Src/main.o
                0x0000000020000028                sTime
                0x000000002000003c                dontSleepFlag
                0x000000002000003d                mode
                0x0000000020000040                sDate
                0x0000000020000044                hrtc
                0x0000000020000070                seconds
                0x0000000020000072                minutes
                0x0000000020000074                hours
 *fill*         0x0000000020000075        0x3 
 COMMON         0x0000000020000078        0x4 Drivers/STM32G0xx_HAL_Driver/Src/stm32g0xx_hal.o
                0x0000000020000078                uwTick
                0x000000002000007c                . = ALIGN (0x4)
                0x000000002000007c                _ebss = .
                0x000000002000007c                __bss_end__ = _ebss

._user_heap_stack
                0x000000002000007c      0x604 load address 0x0000000008002fac
                0x0000000020000080                . = ALIGN (0x8)
 *fill*         0x000000002000007c        0x4 
                [!provide]                        PROVIDE (end = .)
                0x0000000020000080                PROVIDE (_end = .)
                0x0000000020000280                . = (. + _Min_Heap_Size)
 *fill*         0x0000000020000080      0x200 
                0x0000000020000680                . = (. + _Min_Stack_Size)
 *fill*         0x0000000020000280      0x400 
                0x0000000020000680                . = ALIGN (0x8)

/DISCARD/
 libc.a(*)
 libm.a(*)
 libgcc.a(*)

.ARM.attributes
                0x0000000000000000       0x28
 *(.ARM.attributes)
 .ARM.attributes
                0x0000000000000000       0x1e /opt/st/stm32cubeide_1.5.0/plugins/com.st.stm32cube.ide.mcu.externaltools.gnu-tools-for-stm32.7-2018-q2-update.linux64_1.5.0.202011040924/tools/bin/../lib/gcc/arm-none-eabi/7.3.1/thumb/v6-m/crti.o
 .ARM.attributes
                0x000000000000001e       0x2c /opt/st/stm32cubeide_1.5.0/plugins/com.st.stm32cube.ide.mcu.externaltools.gnu-tools-for-stm32.7-2018-q2-update.linux64_1.5.0.202011040924/tools/bin/../lib/gcc/arm-none-eabi/7.3.1/thumb/v6-m/crtbegin.o
 .ARM.attributes
                0x000000000000004a       0x32 Core/Src/main.o
 .ARM.attributes
                0x000000000000007c       0x32 Core/Src/stm32g0xx_hal_msp.o
 .ARM.attributes
                0x00000000000000ae       0x32 Core/Src/stm32g0xx_it.o
 .ARM.attributes
                0x00000000000000e0       0x32 Core/Src/system_stm32g0xx.o
 .ARM.attributes
                0x0000000000000112       0x22 Core/Startup/startup_stm32g070rbtx.o
 .ARM.attributes
                0x0000000000000134       0x32 Core/display/display.o
 .ARM.attributes
                0x0000000000000166       0x32 Core/interrupts/interrupts.o
 .ARM.attributes
                0x0000000000000198       0x32 Core/rtc/rtc.o
 .ARM.attributes
                0x00000000000001ca       0x32 Drivers/STM32G0xx_HAL_Driver/Src/stm32g0xx_hal.o
 .ARM.attributes
                0x00000000000001fc       0x32 Drivers/STM32G0xx_HAL_Driver/Src/stm32g0xx_hal_cortex.o
 .ARM.attributes
                0x000000000000022e       0x32 Drivers/STM32G0xx_HAL_Driver/Src/stm32g0xx_hal_gpio.o
 .ARM.attributes
                0x0000000000000260       0x32 Drivers/STM32G0xx_HAL_Driver/Src/stm32g0xx_hal_pwr.o
 .ARM.attributes
                0x0000000000000292       0x32 Drivers/STM32G0xx_HAL_Driver/Src/stm32g0xx_hal_pwr_ex.o
 .ARM.attributes
                0x00000000000002c4       0x32 Drivers/STM32G0xx_HAL_Driver/Src/stm32g0xx_hal_rcc.o
 .ARM.attributes
                0x00000000000002f6       0x32 Drivers/STM32G0xx_HAL_Driver/Src/stm32g0xx_hal_rcc_ex.o
 .ARM.attributes
                0x0000000000000328       0x32 Drivers/STM32G0xx_HAL_Driver/Src/stm32g0xx_hal_rtc.o
 .ARM.attributes
                0x000000000000035a       0x32 Drivers/STM32G0xx_HAL_Driver/Src/stm32g0xx_hal_rtc_ex.o
 .ARM.attributes
                0x000000000000038c       0x2c /opt/st/stm32cubeide_1.5.0/plugins/com.st.stm32cube.ide.mcu.externaltools.gnu-tools-for-stm32.7-2018-q2-update.linux64_1.5.0.202011040924/tools/bin/../lib/gcc/arm-none-eabi/7.3.1/../../../../arm-none-eabi/lib/thumb/v6-m/libc_nano.a(lib_a-init.o)
 .ARM.attributes
                0x00000000000003b8       0x2c /opt/st/stm32cubeide_1.5.0/plugins/com.st.stm32cube.ide.mcu.externaltools.gnu-tools-for-stm32.7-2018-q2-update.linux64_1.5.0.202011040924/tools/bin/../lib/gcc/arm-none-eabi/7.3.1/../../../../arm-none-eabi/lib/thumb/v6-m/libc_nano.a(lib_a-memset.o)
 .ARM.attributes
                0x00000000000003e4       0x1e /opt/st/stm32cubeide_1.5.0/plugins/com.st.stm32cube.ide.mcu.externaltools.gnu-tools-for-stm32.7-2018-q2-update.linux64_1.5.0.202011040924/tools/bin/../lib/gcc/arm-none-eabi/7.3.1/thumb/v6-m/libgcc.a(_udivsi3.o)
 .ARM.attributes
                0x0000000000000402       0x1e /opt/st/stm32cubeide_1.5.0/plugins/com.st.stm32cube.ide.mcu.externaltools.gnu-tools-for-stm32.7-2018-q2-update.linux64_1.5.0.202011040924/tools/bin/../lib/gcc/arm-none-eabi/7.3.1/thumb/v6-m/libgcc.a(_dvmd_tls.o)
 .ARM.attributes
                0x0000000000000420       0x1e /opt/st/stm32cubeide_1.5.0/plugins/com.st.stm32cube.ide.mcu.externaltools.gnu-tools-for-stm32.7-2018-q2-update.linux64_1.5.0.202011040924/tools/bin/../lib/gcc/arm-none-eabi/7.3.1/thumb/v6-m/crtn.o
OUTPUT(eclipse.elf elf32-littlearm)

.debug_info     0x0000000000000000     0x8904
 .debug_info    0x0000000000000000      0xc4b Core/Src/main.o
 .debug_info    0x0000000000000c4b      0x768 Core/Src/stm32g0xx_hal_msp.o
 .debug_info    0x00000000000013b3      0x53d Core/Src/stm32g0xx_it.o
 .debug_info    0x00000000000018f0      0x4b2 Core/Src/system_stm32g0xx.o
 .debug_info    0x0000000000001da2       0x22 Core/Startup/startup_stm32g070rbtx.o
 .debug_info    0x0000000000001dc4      0x591 Core/display/display.o
 .debug_info    0x0000000000002355      0x660 Core/interrupts/interrupts.o
 .debug_info    0x00000000000029b5      0x604 Core/rtc/rtc.o
 .debug_info    0x0000000000002fb9      0x968 Drivers/STM32G0xx_HAL_Driver/Src/stm32g0xx_hal.o
 .debug_info    0x0000000000003921      0x9c1 Drivers/STM32G0xx_HAL_Driver/Src/stm32g0xx_hal_cortex.o
 .debug_info    0x00000000000042e2      0x6c7 Drivers/STM32G0xx_HAL_Driver/Src/stm32g0xx_hal_gpio.o
 .debug_info    0x00000000000049a9      0x693 Drivers/STM32G0xx_HAL_Driver/Src/stm32g0xx_hal_pwr.o
 .debug_info    0x000000000000503c      0x5da Drivers/STM32G0xx_HAL_Driver/Src/stm32g0xx_hal_pwr_ex.o
 .debug_info    0x0000000000005616      0xae2 Drivers/STM32G0xx_HAL_Driver/Src/stm32g0xx_hal_rcc.o
 .debug_info    0x00000000000060f8      0x84b Drivers/STM32G0xx_HAL_Driver/Src/stm32g0xx_hal_rcc_ex.o
 .debug_info    0x0000000000006943      0xcb9 Drivers/STM32G0xx_HAL_Driver/Src/stm32g0xx_hal_rtc.o
 .debug_info    0x00000000000075fc     0x1308 Drivers/STM32G0xx_HAL_Driver/Src/stm32g0xx_hal_rtc_ex.o

.debug_abbrev   0x0000000000000000     0x1b7e
 .debug_abbrev  0x0000000000000000      0x1f7 Core/Src/main.o
 .debug_abbrev  0x00000000000001f7      0x171 Core/Src/stm32g0xx_hal_msp.o
 .debug_abbrev  0x0000000000000368      0x143 Core/Src/stm32g0xx_it.o
 .debug_abbrev  0x00000000000004ab      0x147 Core/Src/system_stm32g0xx.o
 .debug_abbrev  0x00000000000005f2       0x12 Core/Startup/startup_stm32g070rbtx.o
 .debug_abbrev  0x0000000000000604      0x17d Core/display/display.o
 .debug_abbrev  0x0000000000000781      0x163 Core/interrupts/interrupts.o
 .debug_abbrev  0x00000000000008e4      0x12b Core/rtc/rtc.o
 .debug_abbrev  0x0000000000000a0f      0x242 Drivers/STM32G0xx_HAL_Driver/Src/stm32g0xx_hal.o
 .debug_abbrev  0x0000000000000c51      0x28b Drivers/STM32G0xx_HAL_Driver/Src/stm32g0xx_hal_cortex.o
 .debug_abbrev  0x0000000000000edc      0x1b7 Drivers/STM32G0xx_HAL_Driver/Src/stm32g0xx_hal_gpio.o
 .debug_abbrev  0x0000000000001093      0x16c Drivers/STM32G0xx_HAL_Driver/Src/stm32g0xx_hal_pwr.o
 .debug_abbrev  0x00000000000011ff      0x1da Drivers/STM32G0xx_HAL_Driver/Src/stm32g0xx_hal_pwr_ex.o
 .debug_abbrev  0x00000000000013d9      0x211 Drivers/STM32G0xx_HAL_Driver/Src/stm32g0xx_hal_rcc.o
 .debug_abbrev  0x00000000000015ea      0x1d4 Drivers/STM32G0xx_HAL_Driver/Src/stm32g0xx_hal_rcc_ex.o
 .debug_abbrev  0x00000000000017be      0x1c4 Drivers/STM32G0xx_HAL_Driver/Src/stm32g0xx_hal_rtc.o
 .debug_abbrev  0x0000000000001982      0x1fc Drivers/STM32G0xx_HAL_Driver/Src/stm32g0xx_hal_rtc_ex.o

.debug_aranges  0x0000000000000000      0x808
 .debug_aranges
                0x0000000000000000       0x40 Core/Src/main.o
 .debug_aranges
                0x0000000000000040       0x30 Core/Src/stm32g0xx_hal_msp.o
 .debug_aranges
                0x0000000000000070       0x58 Core/Src/stm32g0xx_it.o
 .debug_aranges
                0x00000000000000c8       0x28 Core/Src/system_stm32g0xx.o
 .debug_aranges
                0x00000000000000f0       0x28 Core/Startup/startup_stm32g070rbtx.o
 .debug_aranges
                0x0000000000000118       0x50 Core/display/display.o
 .debug_aranges
                0x0000000000000168       0x30 Core/interrupts/interrupts.o
 .debug_aranges
                0x0000000000000198       0x28 Core/rtc/rtc.o
 .debug_aranges
                0x00000000000001c0       0xf8 Drivers/STM32G0xx_HAL_Driver/Src/stm32g0xx_hal.o
 .debug_aranges
                0x00000000000002b8       0xd8 Drivers/STM32G0xx_HAL_Driver/Src/stm32g0xx_hal_cortex.o
 .debug_aranges
                0x0000000000000390       0x60 Drivers/STM32G0xx_HAL_Driver/Src/stm32g0xx_hal_gpio.o
 .debug_aranges
                0x00000000000003f0       0x78 Drivers/STM32G0xx_HAL_Driver/Src/stm32g0xx_hal_pwr.o
 .debug_aranges
                0x0000000000000468       0x98 Drivers/STM32G0xx_HAL_Driver/Src/stm32g0xx_hal_pwr_ex.o
 .debug_aranges
                0x0000000000000500       0x98 Drivers/STM32G0xx_HAL_Driver/Src/stm32g0xx_hal_rcc.o
 .debug_aranges
                0x0000000000000598       0x40 Drivers/STM32G0xx_HAL_Driver/Src/stm32g0xx_hal_rcc_ex.o
 .debug_aranges
                0x00000000000005d8       0xc0 Drivers/STM32G0xx_HAL_Driver/Src/stm32g0xx_hal_rtc.o
 .debug_aranges
                0x0000000000000698      0x170 Drivers/STM32G0xx_HAL_Driver/Src/stm32g0xx_hal_rtc_ex.o

.debug_ranges   0x0000000000000000      0x700
 .debug_ranges  0x0000000000000000       0x30 Core/Src/main.o
 .debug_ranges  0x0000000000000030       0x20 Core/Src/stm32g0xx_hal_msp.o
 .debug_ranges  0x0000000000000050       0x48 Core/Src/stm32g0xx_it.o
 .debug_ranges  0x0000000000000098       0x18 Core/Src/system_stm32g0xx.o
 .debug_ranges  0x00000000000000b0       0x20 Core/Startup/startup_stm32g070rbtx.o
 .debug_ranges  0x00000000000000d0       0x40 Core/display/display.o
 .debug_ranges  0x0000000000000110       0x20 Core/interrupts/interrupts.o
 .debug_ranges  0x0000000000000130       0x18 Core/rtc/rtc.o
 .debug_ranges  0x0000000000000148       0xe8 Drivers/STM32G0xx_HAL_Driver/Src/stm32g0xx_hal.o
 .debug_ranges  0x0000000000000230       0xc8 Drivers/STM32G0xx_HAL_Driver/Src/stm32g0xx_hal_cortex.o
 .debug_ranges  0x00000000000002f8       0x50 Drivers/STM32G0xx_HAL_Driver/Src/stm32g0xx_hal_gpio.o
 .debug_ranges  0x0000000000000348       0x68 Drivers/STM32G0xx_HAL_Driver/Src/stm32g0xx_hal_pwr.o
 .debug_ranges  0x00000000000003b0       0x88 Drivers/STM32G0xx_HAL_Driver/Src/stm32g0xx_hal_pwr_ex.o
 .debug_ranges  0x0000000000000438       0x88 Drivers/STM32G0xx_HAL_Driver/Src/stm32g0xx_hal_rcc.o
 .debug_ranges  0x00000000000004c0       0x30 Drivers/STM32G0xx_HAL_Driver/Src/stm32g0xx_hal_rcc_ex.o
 .debug_ranges  0x00000000000004f0       0xb0 Drivers/STM32G0xx_HAL_Driver/Src/stm32g0xx_hal_rtc.o
 .debug_ranges  0x00000000000005a0      0x160 Drivers/STM32G0xx_HAL_Driver/Src/stm32g0xx_hal_rtc_ex.o

.debug_macro    0x0000000000000000    0x14b7a
 .debug_macro   0x0000000000000000      0x200 Core/Src/main.o
 .debug_macro   0x0000000000000200      0xa48 Core/Src/main.o
 .debug_macro   0x0000000000000c48      0x117 Core/Src/main.o
 .debug_macro   0x0000000000000d5f       0x2e Core/Src/main.o
 .debug_macro   0x0000000000000d8d       0x28 Core/Src/main.o
 .debug_macro   0x0000000000000db5       0x22 Core/Src/main.o
 .debug_macro   0x0000000000000dd7       0x8e Core/Src/main.o
 .debug_macro   0x0000000000000e65       0x51 Core/Src/main.o
 .debug_macro   0x0000000000000eb6       0xef Core/Src/main.o
 .debug_macro   0x0000000000000fa5       0x6a Core/Src/main.o
 .debug_macro   0x000000000000100f      0x1df Core/Src/main.o
 .debug_macro   0x00000000000011ee       0x1c Core/Src/main.o
 .debug_macro   0x000000000000120a       0x22 Core/Src/main.o
 .debug_macro   0x000000000000122c       0xd7 Core/Src/main.o
 .debug_macro   0x0000000000001303      0x4da Core/Src/main.o
 .debug_macro   0x00000000000017dd      0x11f Core/Src/main.o
 .debug_macro   0x00000000000018fc     0xa4a0 Core/Src/main.o
 .debug_macro   0x000000000000bd9c       0x3c Core/Src/main.o
 .debug_macro   0x000000000000bdd8     0x34b5 Core/Src/main.o
 .debug_macro   0x000000000000f28d      0x174 Core/Src/main.o
 .debug_macro   0x000000000000f401       0x5c Core/Src/main.o
 .debug_macro   0x000000000000f45d      0x485 Core/Src/main.o
 .debug_macro   0x000000000000f8e2      0xe2f Core/Src/main.o
 .debug_macro   0x0000000000010711      0x13e Core/Src/main.o
 .debug_macro   0x000000000001084f      0x153 Core/Src/main.o
 .debug_macro   0x00000000000109a2      0x13e Core/Src/main.o
 .debug_macro   0x0000000000010ae0      0x3a8 Core/Src/main.o
 .debug_macro   0x0000000000010e88      0x280 Core/Src/main.o
 .debug_macro   0x0000000000011108      0x345 Core/Src/main.o
 .debug_macro   0x000000000001144d      0x198 Core/Src/main.o
 .debug_macro   0x00000000000115e5       0x43 Core/Src/main.o
 .debug_macro   0x0000000000011628      0x1f1 Core/Src/main.o
 .debug_macro   0x0000000000011819      0x1d7 Core/Src/main.o
 .debug_macro   0x00000000000119f0      0x2a3 Core/Src/main.o
 .debug_macro   0x0000000000011c93       0x28 Core/Src/main.o
 .debug_macro   0x0000000000011cbb       0xcf Core/Src/main.o
 .debug_macro   0x0000000000011d8a      0x118 Core/Src/main.o
 .debug_macro   0x0000000000011ea2      0x10d Core/Src/main.o
 .debug_macro   0x0000000000011faf      0x321 Core/Src/main.o
 .debug_macro   0x00000000000122d0      0x433 Core/Src/main.o
 .debug_macro   0x0000000000012703       0xeb Core/Src/main.o
 .debug_macro   0x00000000000127ee      0x43d Core/Src/main.o
 .debug_macro   0x0000000000012c2b      0x26f Core/Src/main.o
 .debug_macro   0x0000000000012e9a       0x34 Core/Src/main.o
 .debug_macro   0x0000000000012ece      0x1df Core/Src/stm32g0xx_hal_msp.o
 .debug_macro   0x00000000000130ad      0x1e9 Core/Src/stm32g0xx_it.o
 .debug_macro   0x0000000000013296      0x1d6 Core/Src/system_stm32g0xx.o
 .debug_macro   0x000000000001346c      0x1e9 Core/display/display.o
 .debug_macro   0x0000000000013655      0x1fc Core/interrupts/interrupts.o
 .debug_macro   0x0000000000013851      0x1ee Core/rtc/rtc.o
 .debug_macro   0x0000000000013a3f       0x2e Core/rtc/rtc.o
 .debug_macro   0x0000000000013a6d      0x1ee Drivers/STM32G0xx_HAL_Driver/Src/stm32g0xx_hal.o
 .debug_macro   0x0000000000013c5b      0x1d0 Drivers/STM32G0xx_HAL_Driver/Src/stm32g0xx_hal_cortex.o
 .debug_macro   0x0000000000013e2b      0x208 Drivers/STM32G0xx_HAL_Driver/Src/stm32g0xx_hal_gpio.o
 .debug_macro   0x0000000000014033      0x1d0 Drivers/STM32G0xx_HAL_Driver/Src/stm32g0xx_hal_pwr.o
 .debug_macro   0x0000000000014203      0x1e2 Drivers/STM32G0xx_HAL_Driver/Src/stm32g0xx_hal_pwr_ex.o
 .debug_macro   0x00000000000143e5      0x20c Drivers/STM32G0xx_HAL_Driver/Src/stm32g0xx_hal_rcc.o
 .debug_macro   0x00000000000145f1      0x1e8 Drivers/STM32G0xx_HAL_Driver/Src/stm32g0xx_hal_rcc_ex.o
 .debug_macro   0x00000000000147d9      0x1d1 Drivers/STM32G0xx_HAL_Driver/Src/stm32g0xx_hal_rtc.o
 .debug_macro   0x00000000000149aa      0x1d0 Drivers/STM32G0xx_HAL_Driver/Src/stm32g0xx_hal_rtc_ex.o

.debug_line     0x0000000000000000     0x8844
 .debug_line    0x0000000000000000      0x829 Core/Src/main.o
 .debug_line    0x0000000000000829      0x6d9 Core/Src/stm32g0xx_hal_msp.o
 .debug_line    0x0000000000000f02      0x73b Core/Src/stm32g0xx_it.o
 .debug_line    0x000000000000163d      0x6c9 Core/Src/system_stm32g0xx.o
 .debug_line    0x0000000000001d06       0x89 Core/Startup/startup_stm32g070rbtx.o
 .debug_line    0x0000000000001d8f      0x898 Core/display/display.o
 .debug_line    0x0000000000002627      0x77b Core/interrupts/interrupts.o
 .debug_line    0x0000000000002da2      0x6c1 Core/rtc/rtc.o
 .debug_line    0x0000000000003463      0x8c6 Drivers/STM32G0xx_HAL_Driver/Src/stm32g0xx_hal.o
 .debug_line    0x0000000000003d29      0x8f2 Drivers/STM32G0xx_HAL_Driver/Src/stm32g0xx_hal_cortex.o
 .debug_line    0x000000000000461b      0x83a Drivers/STM32G0xx_HAL_Driver/Src/stm32g0xx_hal_gpio.o
 .debug_line    0x0000000000004e55      0x79c Drivers/STM32G0xx_HAL_Driver/Src/stm32g0xx_hal_pwr.o
 .debug_line    0x00000000000055f1      0x829 Drivers/STM32G0xx_HAL_Driver/Src/stm32g0xx_hal_pwr_ex.o
 .debug_line    0x0000000000005e1a      0x9a1 Drivers/STM32G0xx_HAL_Driver/Src/stm32g0xx_hal_rcc.o
 .debug_line    0x00000000000067bb      0x865 Drivers/STM32G0xx_HAL_Driver/Src/stm32g0xx_hal_rcc_ex.o
 .debug_line    0x0000000000007020      0xa5c Drivers/STM32G0xx_HAL_Driver/Src/stm32g0xx_hal_rtc.o
 .debug_line    0x0000000000007a7c      0xdc8 Drivers/STM32G0xx_HAL_Driver/Src/stm32g0xx_hal_rtc_ex.o

.debug_str      0x0000000000000000    0x7f61d
 .debug_str     0x0000000000000000    0x7d8cf Core/Src/main.o
                                      0x7de2a (size before relaxing)
 .debug_str     0x000000000007d8cf       0x4e Core/Src/stm32g0xx_hal_msp.o
                                      0x7da12 (size before relaxing)
 .debug_str     0x000000000007d91d       0xb1 Core/Src/stm32g0xx_it.o
                                      0x7d83e (size before relaxing)
 .debug_str     0x000000000007d9ce       0x97 Core/Src/system_stm32g0xx.o
                                      0x7cfb7 (size before relaxing)
 .debug_str     0x000000000007da65       0x36 Core/Startup/startup_stm32g070rbtx.o
                                         0x69 (size before relaxing)
 .debug_str     0x000000000007da9b       0xb2 Core/display/display.o
                                      0x7d6f7 (size before relaxing)
 .debug_str     0x000000000007db4d       0x73 Core/interrupts/interrupts.o
                                      0x7d98d (size before relaxing)
 .debug_str     0x000000000007dbc0       0x28 Core/rtc/rtc.o
                                      0x7d900 (size before relaxing)
 .debug_str     0x000000000007dbe8      0x3f1 Drivers/STM32G0xx_HAL_Driver/Src/stm32g0xx_hal.o
                                      0x7d585 (size before relaxing)
 .debug_str     0x000000000007dfd9      0x293 Drivers/STM32G0xx_HAL_Driver/Src/stm32g0xx_hal_cortex.o
                                      0x7d3ed (size before relaxing)
 .debug_str     0x000000000007e26c      0x1f5 Drivers/STM32G0xx_HAL_Driver/Src/stm32g0xx_hal_gpio.o
                                      0x7d199 (size before relaxing)
 .debug_str     0x000000000007e461      0x1db Drivers/STM32G0xx_HAL_Driver/Src/stm32g0xx_hal_pwr.o
                                      0x7d14b (size before relaxing)
 .debug_str     0x000000000007e63c      0x1f9 Drivers/STM32G0xx_HAL_Driver/Src/stm32g0xx_hal_pwr_ex.o
                                      0x7d1ed (size before relaxing)
 .debug_str     0x000000000007e835      0x360 Drivers/STM32G0xx_HAL_Driver/Src/stm32g0xx_hal_rcc.o
                                      0x7d51f (size before relaxing)
 .debug_str     0x000000000007eb95      0x16c Drivers/STM32G0xx_HAL_Driver/Src/stm32g0xx_hal_rcc_ex.o
                                      0x7d280 (size before relaxing)
 .debug_str     0x000000000007ed01      0x22f Drivers/STM32G0xx_HAL_Driver/Src/stm32g0xx_hal_rtc.o
                                      0x7d3a9 (size before relaxing)
 .debug_str     0x000000000007ef30      0x6ed Drivers/STM32G0xx_HAL_Driver/Src/stm32g0xx_hal_rtc_ex.o
                                      0x7d852 (size before relaxing)

.comment        0x0000000000000000       0x7b
 .comment       0x0000000000000000       0x7b Core/Src/main.o
                                         0x7c (size before relaxing)
 .comment       0x000000000000007b       0x7c Core/Src/stm32g0xx_hal_msp.o
 .comment       0x000000000000007b       0x7c Core/Src/stm32g0xx_it.o
 .comment       0x000000000000007b       0x7c Core/Src/system_stm32g0xx.o
 .comment       0x000000000000007b       0x7c Core/display/display.o
 .comment       0x000000000000007b       0x7c Core/interrupts/interrupts.o
 .comment       0x000000000000007b       0x7c Core/rtc/rtc.o
 .comment       0x000000000000007b       0x7c Drivers/STM32G0xx_HAL_Driver/Src/stm32g0xx_hal.o
 .comment       0x000000000000007b       0x7c Drivers/STM32G0xx_HAL_Driver/Src/stm32g0xx_hal_cortex.o
 .comment       0x000000000000007b       0x7c Drivers/STM32G0xx_HAL_Driver/Src/stm32g0xx_hal_gpio.o
 .comment       0x000000000000007b       0x7c Drivers/STM32G0xx_HAL_Driver/Src/stm32g0xx_hal_pwr.o
 .comment       0x000000000000007b       0x7c Drivers/STM32G0xx_HAL_Driver/Src/stm32g0xx_hal_pwr_ex.o
 .comment       0x000000000000007b       0x7c Drivers/STM32G0xx_HAL_Driver/Src/stm32g0xx_hal_rcc.o
 .comment       0x000000000000007b       0x7c Drivers/STM32G0xx_HAL_Driver/Src/stm32g0xx_hal_rcc_ex.o
 .comment       0x000000000000007b       0x7c Drivers/STM32G0xx_HAL_Driver/Src/stm32g0xx_hal_rtc.o
 .comment       0x000000000000007b       0x7c Drivers/STM32G0xx_HAL_Driver/Src/stm32g0xx_hal_rtc_ex.o

.debug_frame    0x0000000000000000     0x1a18
 .debug_frame   0x0000000000000000       0xa8 Core/Src/main.o
 .debug_frame   0x00000000000000a8       0x70 Core/Src/stm32g0xx_hal_msp.o
 .debug_frame   0x0000000000000118       0xf0 Core/Src/stm32g0xx_it.o
 .debug_frame   0x0000000000000208       0x4c Core/Src/system_stm32g0xx.o
 .debug_frame   0x0000000000000254       0xf4 Core/display/display.o
 .debug_frame   0x0000000000000348       0x70 Core/interrupts/interrupts.o
 .debug_frame   0x00000000000003b8       0x48 Core/rtc/rtc.o
 .debug_frame   0x0000000000000400      0x340 Drivers/STM32G0xx_HAL_Driver/Src/stm32g0xx_hal.o
 .debug_frame   0x0000000000000740      0x2fc Drivers/STM32G0xx_HAL_Driver/Src/stm32g0xx_hal_cortex.o
 .debug_frame   0x0000000000000a3c      0x130 Drivers/STM32G0xx_HAL_Driver/Src/stm32g0xx_hal_gpio.o
 .debug_frame   0x0000000000000b6c      0x170 Drivers/STM32G0xx_HAL_Driver/Src/stm32g0xx_hal_pwr.o
 .debug_frame   0x0000000000000cdc      0x1f4 Drivers/STM32G0xx_HAL_Driver/Src/stm32g0xx_hal_pwr_ex.o
 .debug_frame   0x0000000000000ed0      0x1f4 Drivers/STM32G0xx_HAL_Driver/Src/stm32g0xx_hal_rcc.o
 .debug_frame   0x00000000000010c4       0xb0 Drivers/STM32G0xx_HAL_Driver/Src/stm32g0xx_hal_rcc_ex.o
 .debug_frame   0x0000000000001174      0x2c0 Drivers/STM32G0xx_HAL_Driver/Src/stm32g0xx_hal_rtc.o
 .debug_frame   0x0000000000001434      0x578 Drivers/STM32G0xx_HAL_Driver/Src/stm32g0xx_hal_rtc_ex.o
 .debug_frame   0x00000000000019ac       0x2c /opt/st/stm32cubeide_1.5.0/plugins/com.st.stm32cube.ide.mcu.externaltools.gnu-tools-for-stm32.7-2018-q2-update.linux64_1.5.0.202011040924/tools/bin/../lib/gcc/arm-none-eabi/7.3.1/../../../../arm-none-eabi/lib/thumb/v6-m/libc_nano.a(lib_a-init.o)
 .debug_frame   0x00000000000019d8       0x20 /opt/st/stm32cubeide_1.5.0/plugins/com.st.stm32cube.ide.mcu.externaltools.gnu-tools-for-stm32.7-2018-q2-update.linux64_1.5.0.202011040924/tools/bin/../lib/gcc/arm-none-eabi/7.3.1/../../../../arm-none-eabi/lib/thumb/v6-m/libc_nano.a(lib_a-memset.o)
 .debug_frame   0x00000000000019f8       0x20 /opt/st/stm32cubeide_1.5.0/plugins/com.st.stm32cube.ide.mcu.externaltools.gnu-tools-for-stm32.7-2018-q2-update.linux64_1.5.0.202011040924/tools/bin/../lib/gcc/arm-none-eabi/7.3.1/thumb/v6-m/libgcc.a(_udivsi3.o)
